Archive member included to satisfy reference by file (symbol)

D:/STM32CubeIDE/STM32CubeIDE_1.19.0/STM32CubeIDE/plugins/com.st.stm32cube.ide.mcu.externaltools.gnu-tools-for-stm32.13.3.rel1.win32_1.0.0.202411081344/tools/bin/../lib/gcc/arm-none-eabi/13.3.1/../../../../arm-none-eabi/lib/thumb/v7e-m+fp/hard\libc_nano.a(libc_a-exit.o)
                              D:/STM32CubeIDE/STM32CubeIDE_1.19.0/STM32CubeIDE/plugins/com.st.stm32cube.ide.mcu.externaltools.gnu-tools-for-stm32.13.3.rel1.win32_1.0.0.202411081344/tools/bin/../lib/gcc/arm-none-eabi/13.3.1/../../../../arm-none-eabi/lib/thumb/v7e-m+fp/hard/crt0.o (exit)
D:/STM32CubeIDE/STM32CubeIDE_1.19.0/STM32CubeIDE/plugins/com.st.stm32cube.ide.mcu.externaltools.gnu-tools-for-stm32.13.3.rel1.win32_1.0.0.202411081344/tools/bin/../lib/gcc/arm-none-eabi/13.3.1/../../../../arm-none-eabi/lib/thumb/v7e-m+fp/hard\libc_nano.a(libc_a-findfp.o)
                              D:/STM32CubeIDE/STM32CubeIDE_1.19.0/STM32CubeIDE/plugins/com.st.stm32cube.ide.mcu.externaltools.gnu-tools-for-stm32.13.3.rel1.win32_1.0.0.202411081344/tools/bin/../lib/gcc/arm-none-eabi/13.3.1/../../../../arm-none-eabi/lib/thumb/v7e-m+fp/hard\libc_nano.a(libc_a-exit.o) (__stdio_exit_handler)
D:/STM32CubeIDE/STM32CubeIDE_1.19.0/STM32CubeIDE/plugins/com.st.stm32cube.ide.mcu.externaltools.gnu-tools-for-stm32.13.3.rel1.win32_1.0.0.202411081344/tools/bin/../lib/gcc/arm-none-eabi/13.3.1/../../../../arm-none-eabi/lib/thumb/v7e-m+fp/hard\libc_nano.a(libc_a-fwalk.o)
                              D:/STM32CubeIDE/STM32CubeIDE_1.19.0/STM32CubeIDE/plugins/com.st.stm32cube.ide.mcu.externaltools.gnu-tools-for-stm32.13.3.rel1.win32_1.0.0.202411081344/tools/bin/../lib/gcc/arm-none-eabi/13.3.1/../../../../arm-none-eabi/lib/thumb/v7e-m+fp/hard\libc_nano.a(libc_a-findfp.o) (_fwalk_sglue)
D:/STM32CubeIDE/STM32CubeIDE_1.19.0/STM32CubeIDE/plugins/com.st.stm32cube.ide.mcu.externaltools.gnu-tools-for-stm32.13.3.rel1.win32_1.0.0.202411081344/tools/bin/../lib/gcc/arm-none-eabi/13.3.1/../../../../arm-none-eabi/lib/thumb/v7e-m+fp/hard\libc_nano.a(libc_a-stdio.o)
                              D:/STM32CubeIDE/STM32CubeIDE_1.19.0/STM32CubeIDE/plugins/com.st.stm32cube.ide.mcu.externaltools.gnu-tools-for-stm32.13.3.rel1.win32_1.0.0.202411081344/tools/bin/../lib/gcc/arm-none-eabi/13.3.1/../../../../arm-none-eabi/lib/thumb/v7e-m+fp/hard\libc_nano.a(libc_a-findfp.o) (__sread)
D:/STM32CubeIDE/STM32CubeIDE_1.19.0/STM32CubeIDE/plugins/com.st.stm32cube.ide.mcu.externaltools.gnu-tools-for-stm32.13.3.rel1.win32_1.0.0.202411081344/tools/bin/../lib/gcc/arm-none-eabi/13.3.1/../../../../arm-none-eabi/lib/thumb/v7e-m+fp/hard\libc_nano.a(libc_a-memset.o)
                              D:/STM32CubeIDE/STM32CubeIDE_1.19.0/STM32CubeIDE/plugins/com.st.stm32cube.ide.mcu.externaltools.gnu-tools-for-stm32.13.3.rel1.win32_1.0.0.202411081344/tools/bin/../lib/gcc/arm-none-eabi/13.3.1/../../../../arm-none-eabi/lib/thumb/v7e-m+fp/hard/crt0.o (memset)
D:/STM32CubeIDE/STM32CubeIDE_1.19.0/STM32CubeIDE/plugins/com.st.stm32cube.ide.mcu.externaltools.gnu-tools-for-stm32.13.3.rel1.win32_1.0.0.202411081344/tools/bin/../lib/gcc/arm-none-eabi/13.3.1/../../../../arm-none-eabi/lib/thumb/v7e-m+fp/hard\libc_nano.a(libc_a-closer.o)
                              D:/STM32CubeIDE/STM32CubeIDE_1.19.0/STM32CubeIDE/plugins/com.st.stm32cube.ide.mcu.externaltools.gnu-tools-for-stm32.13.3.rel1.win32_1.0.0.202411081344/tools/bin/../lib/gcc/arm-none-eabi/13.3.1/../../../../arm-none-eabi/lib/thumb/v7e-m+fp/hard\libc_nano.a(libc_a-stdio.o) (_close_r)
D:/STM32CubeIDE/STM32CubeIDE_1.19.0/STM32CubeIDE/plugins/com.st.stm32cube.ide.mcu.externaltools.gnu-tools-for-stm32.13.3.rel1.win32_1.0.0.202411081344/tools/bin/../lib/gcc/arm-none-eabi/13.3.1/../../../../arm-none-eabi/lib/thumb/v7e-m+fp/hard\libc_nano.a(libc_a-reent.o)
                              D:/STM32CubeIDE/STM32CubeIDE_1.19.0/STM32CubeIDE/plugins/com.st.stm32cube.ide.mcu.externaltools.gnu-tools-for-stm32.13.3.rel1.win32_1.0.0.202411081344/tools/bin/../lib/gcc/arm-none-eabi/13.3.1/../../../../arm-none-eabi/lib/thumb/v7e-m+fp/hard\libc_nano.a(libc_a-closer.o) (errno)
D:/STM32CubeIDE/STM32CubeIDE_1.19.0/STM32CubeIDE/plugins/com.st.stm32cube.ide.mcu.externaltools.gnu-tools-for-stm32.13.3.rel1.win32_1.0.0.202411081344/tools/bin/../lib/gcc/arm-none-eabi/13.3.1/../../../../arm-none-eabi/lib/thumb/v7e-m+fp/hard\libc_nano.a(libc_a-impure.o)
                              D:/STM32CubeIDE/STM32CubeIDE_1.19.0/STM32CubeIDE/plugins/com.st.stm32cube.ide.mcu.externaltools.gnu-tools-for-stm32.13.3.rel1.win32_1.0.0.202411081344/tools/bin/../lib/gcc/arm-none-eabi/13.3.1/../../../../arm-none-eabi/lib/thumb/v7e-m+fp/hard\libc_nano.a(libc_a-reent.o) (_impure_ptr)
D:/STM32CubeIDE/STM32CubeIDE_1.19.0/STM32CubeIDE/plugins/com.st.stm32cube.ide.mcu.externaltools.gnu-tools-for-stm32.13.3.rel1.win32_1.0.0.202411081344/tools/bin/../lib/gcc/arm-none-eabi/13.3.1/../../../../arm-none-eabi/lib/thumb/v7e-m+fp/hard\libc_nano.a(libc_a-lseekr.o)
[...]
Memory Configuration

Name             Origin             Length             Attributes
RAM              0x20000000         0x00020000         xrw
FLASH            0x08000000         0x00080000         xr
*default*        0x00000000         0xffffffff

Linker script and memory map

LOAD D:/STM32CubeIDE/STM32CubeIDE_1.19.0/STM32CubeIDE/plugins/com.st.stm32cube.ide.mcu.externaltools.gnu-tools-for-stm32.13.3.rel1.win32_1.0.0.202411081344/tools/bin/../lib/gcc/arm-none-eabi/13.3.1/thumb/v7e-m+fp/hard/crti.o
LOAD D:/STM32CubeIDE/STM32CubeIDE_1.19.0/STM32CubeIDE/plugins/com.st.stm32cube.ide.mcu.externaltools.gnu-tools-for-stm32.13.3.rel1.win32_1.0.0.202411081344/tools/bin/../lib/gcc/arm-none-eabi/13.3.1/thumb/v7e-m+fp/hard/crtbegin.o
LOAD D:/STM32CubeIDE/STM32CubeIDE_1.19.0/STM32CubeIDE/plugins/com.st.stm32cube.ide.mcu.externaltools.gnu-tools-for-stm32.13.3.rel1.win32_1.0.0.202411081344/tools/bin/../lib/gcc/arm-none-eabi/13.3.1/../../../../arm-none-eabi/lib/thumb/v7e-m+fp/hard/crt0.o
LOAD ./Core/Src/adc.o
LOAD ./Core/Src/audio_processing.o
LOAD ./Core/Src/dma.o
LOAD ./Core/Src/filters.o
LOAD ./Core/Src/gpio.o
LOAD ./Core/Src/i2s.o
LOAD ./Core/Src/main.o
LOAD ./Core/Src/stm32f4xx_hal_msp.o
LOAD ./Core/Src/stm32f4xx_it.o
LOAD ./Core/Src/syscalls.o
LOAD ./Core/Src/sysmem.o
LOAD ./Core/Src/system_stm32f4xx.o
LOAD ./Core/Src/tim.o
LOAD ./Core/Startup/startup_stm32f411ceux.o
LOAD ./Drivers/STM32F4xx_HAL_Driver/Src/stm32f4xx_hal.o
LOAD ./Drivers/STM32F4xx_HAL_Driver/Src/stm32f4xx_hal_adc.o
LOAD ./Drivers/STM32F4xx_HAL_Driver/Src/stm32f4xx_hal_adc_ex.o
LOAD ./Drivers/STM32F4xx_HAL_Driver/Src/stm32f4xx_hal_cortex.o
LOAD ./Drivers/STM32F4xx_HAL_Driver/Src/stm32f4xx_hal_dma.o
LOAD ./Drivers/STM32F4xx_HAL_Driver/Src/stm32f4xx_hal_dma_ex.o
LOAD ./Drivers/STM32F4xx_HAL_Driver/Src/stm32f4xx_hal_exti.o
LOAD ./Drivers/STM32F4xx_HAL_Driver/Src/stm32f4xx_hal_flash.o
LOAD ./Drivers/STM32F4xx_HAL_Driver/Src/stm32f4xx_hal_flash_ex.o
LOAD ./Drivers/STM32F4xx_HAL_Driver/Src/stm32f4xx_hal_flash_ramfunc.o
LOAD ./Drivers/STM32F4xx_HAL_Driver/Src/stm32f4xx_hal_gpio.o
LOAD ./Drivers/STM32F4xx_HAL_Driver/Src/stm32f4xx_hal_i2s.o
LOAD ./Drivers/STM32F4xx_HAL_Driver/Src/stm32f4xx_hal_i2s_ex.o
LOAD ./Drivers/STM32F4xx_HAL_Driver/Src/stm32f4xx_hal_pwr.o
LOAD ./Drivers/STM32F4xx_HAL_Driver/Src/stm32f4xx_hal_pwr_ex.o
LOAD ./Drivers/STM32F4xx_HAL_Driver/Src/stm32f4xx_hal_rcc.o
LOAD ./Drivers/STM32F4xx_HAL_Driver/Src/stm32f4xx_hal_rcc_ex.o
LOAD ./Drivers/STM32F4xx_HAL_Driver/Src/stm32f4xx_hal_tim.o
LOAD ./Drivers/STM32F4xx_HAL_Driver/Src/stm32f4xx_hal_tim_ex.o
LOAD ./Drivers/STM32F4xx_HAL_Driver/Src/stm32f4xx_ll_adc.o
START GROUP
LOAD D:/STM32CubeIDE/STM32CubeIDE_1.19.0/STM32CubeIDE/plugins/com.st.stm32cube.ide.mcu.externaltools.gnu-tools-for-stm32.13.3.rel1.win32_1.0.0.202411081344/tools/bin/../lib/gcc/arm-none-eabi/13.3.1/../../../../arm-none-eabi/lib/thumb/v7e-m+fp/hard\libc_nano.a
LOAD D:/STM32CubeIDE/STM32CubeIDE_1.19.0/STM32CubeIDE/plugins/com.st.stm32cube.ide.mcu.externaltools.gnu-tools-for-stm32.13.3.rel1.win32_1.0.0.202411081344/tools/bin/../lib/gcc/arm-none-eabi/13.3.1/../../../../arm-none-eabi/lib/thumb/v7e-m+fp/hard\libm.a
END GROUP
START GROUP
LOAD D:/STM32CubeIDE/STM32CubeIDE_1.19.0/STM32CubeIDE/plugins/com.st.stm32cube.ide.mcu.externaltools.gnu-tools-for-stm32.13.3.rel1.win32_1.0.0.202411081344/tools/bin/../lib/gcc/arm-none-eabi/13.3.1/thumb/v7e-m+fp/hard\libgcc.a
LOAD D:/STM32CubeIDE/STM32CubeIDE_1.19.0/STM32CubeIDE/plugins/com.st.stm32cube.ide.mcu.externaltools.gnu-tools-for-stm32.13.3.rel1.win32_1.0.0.202411081344/tools/bin/../lib/gcc/arm-none-eabi/13.3.1/../../../../arm-none-eabi/lib/thumb/v7e-m+fp/hard\libc_nano.a
END GROUP
START GROUP
LOAD D:/STM32CubeIDE/STM32CubeIDE_1.19.0/STM32CubeIDE/plugins/com.st.stm32cube.ide.mcu.externaltools.gnu-tools-for-stm32.13.3.rel1.win32_1.0.0.202411081344/tools/bin/../lib/gcc/arm-none-eabi/13.3.1/thumb/v7e-m+fp/hard\libgcc.a
LOAD D:/STM32CubeIDE/STM32CubeIDE_1.19.0/STM32CubeIDE/plugins/com.st.stm32cube.ide.mcu.externaltools.gnu-tools-for-stm32.13.3.rel1.win32_1.0.0.202411081344/tools/bin/../lib/gcc/arm-none-eabi/13.3.1/../../../../arm-none-eabi/lib/thumb/v7e-m+fp/hard\libc_nano.a
LOAD D:/STM32CubeIDE/STM32CubeIDE_1.19.0/STM32CubeIDE/plugins/com.st.stm32cube.ide.mcu.externaltools.gnu-tools-for-stm32.13.3.rel1.win32_1.0.0.202411081344/tools/bin/../lib/gcc/arm-none-eabi/13.3.1/../../../../arm-none-eabi/lib/thumb/v7e-m+fp/hard\libnosys.a
END GROUP
START GROUP
LOAD D:/STM32CubeIDE/STM32CubeIDE_1.19.0/STM32CubeIDE/plugins/com.st.stm32cube.ide.mcu.externaltools.gnu-tools-for-stm32.13.3.rel1.win32_1.0.0.202411081344/tools/bin/../lib/gcc/arm-none-eabi/13.3.1/thumb/v7e-m+fp/hard\libgcc.a
LOAD D:/STM32CubeIDE/STM32CubeIDE_1.19.0/STM32CubeIDE/plugins/com.st.stm32cube.ide.mcu.externaltools.gnu-tools-for-stm32.13.3.rel1.win32_1.0.0.202411081344/tools/bin/../lib/gcc/arm-none-eabi/13.3.1/../../../../arm-none-eabi/lib/thumb/v7e-m+fp/hard\libc_nano.a
LOAD D:/STM32CubeIDE/STM32CubeIDE_1.19.0/STM32CubeIDE/plugins/com.st.stm32cube.ide.mcu.externaltools.gnu-tools-for-stm32.13.3.rel1.win32_1.0.0.202411081344/tools/bin/../lib/gcc/arm-none-eabi/13.3.1/../../../../arm-none-eabi/lib/thumb/v7e-m+fp/hard\libnosys.a
END GROUP
LOAD D:/STM32CubeIDE/STM32CubeIDE_1.19.0/STM32CubeIDE/plugins/com.st.stm32cube.ide.mcu.externaltools.gnu-tools-for-stm32.13.3.rel1.win32_1.0.0.202411081344/tools/bin/../lib/gcc/arm-none-eabi/13.3.1/thumb/v7e-m+fp/hard/crtend.o
LOAD D:/STM32CubeIDE/STM32CubeIDE_1.19.0/STM32CubeIDE/plugins/com.st.stm32cube.ide.mcu.externaltools.gnu-tools-for-stm32.13.3.rel1.win32_1.0.0.202411081344/tools/bin/../lib/gcc/arm-none-eabi/13.3.1/thumb/v7e-m+fp/hard/crtn.o
                0x20020000                        _estack = (ORIGIN (RAM) + LENGTH (RAM))
                0x00000200                        _Min_Heap_Size = 0x200
                0x00000400                        _Min_Stack_Size = 0x400

.isr_vector     0x08000000      0x198
                0x08000000                        . = ALIGN (0x4)
 *(.isr_vector)
 .isr_vector    0x08000000      0x198 ./Core/Startup/startup_stm32f411ceux.o
                0x08000000                g_pfnVectors
                0x08000198                        . = ALIGN (0x4)

.text           0x08000198     0x4ae4
                0x08000198                        . = ALIGN (0x4)
 *(.text)
 .text          0x08000198       0x40 D:/STM32CubeIDE/STM32CubeIDE_1.19.0/STM32CubeIDE/plugins/com.st.stm32cube.ide.mcu.externaltools.gnu-tools-for-stm32.13.3.rel1.win32_1.0.0.202411081344/tools/bin/../lib/gcc/arm-none-eabi/13.3.1/thumb/v7e-m+fp/hard/crtbegin.o
 .text          0x080001d8       0x30 D:/STM32CubeIDE/STM32CubeIDE_1.19.0/STM32CubeIDE/plugins/com.st.stm32cube.ide.mcu.externaltools.gnu-tools-for-stm32.13.3.rel1.win32_1.0.0.202411081344/tools/bin/../lib/gcc/arm-none-eabi/13.3.1/thumb/v7e-m+fp/hard\libgcc.a(_aeabi_uldivmod.o)
                0x080001d8                __aeabi_uldivmod
 .text          0x08000208      0x2f8 D:/STM32CubeIDE/STM32CubeIDE_1.19.0/STM32CubeIDE/plugins/com.st.stm32cube.ide.mcu.externaltools.gnu-tools-for-stm32.13.3.rel1.win32_1.0.0.202411081344/tools/bin/../lib/gcc/arm-none-eabi/13.3.1/thumb/v7e-m+fp/hard\libgcc.a(_udivmoddi4.o)
                0x08000208                __udivmoddi4
 .text          0x08000500        0x4 D:/STM32CubeIDE/STM32CubeIDE_1.19.0/STM32CubeIDE/plugins/com.st.stm32cube.ide.mcu.externaltools.gnu-tools-for-stm32.13.3.rel1.win32_1.0.0.202411081344/tools/bin/../lib/gcc/arm-none-eabi/13.3.1/thumb/v7e-m+fp/hard\libgcc.a(_dvmd_tls.o)
                0x08000500                __aeabi_idiv0
                0x08000500                __aeabi_ldiv0
 *(.text*)
 .text.MX_ADC1_Init
                0x08000504       0xa4 ./Core/Src/adc.o
                0x08000504                MX_ADC1_Init
 .text.HAL_ADC_MspInit
                0x080005a8       0xec ./Core/Src/adc.o
                0x080005a8                HAL_ADC_MspInit
 .text.filters_init
                0x08000694       0xe0 ./Core/Src/audio_processing.o
                0x08000694                filters_init
 .text.clamp    0x08000774       0x38 ./Core/Src/audio_processing.o
                0x08000774                clamp
 .text.normalizeAudio
                0x080007ac       0x48 ./Core/Src/audio_processing.o
                0x080007ac                normalizeAudio
 .text.deNormalizeAudio
                0x080007f4       0x38 ./Core/Src/audio_processing.o
                0x080007f4                deNormalizeAudio
 .text.processHalfBuffer
                0x0800082c       0x94 ./Core/Src/audio_processing.o
                0x0800082c                processHalfBuffer
 .text.processAudio
                0x080008c0       0x98 ./Core/Src/audio_processing.o
                0x080008c0                processAudio
 .text.MX_DMA_Init
                0x08000958       0x6c ./Core/Src/dma.o
                0x08000958                MX_DMA_Init
 .text.lpf_init
                0x080009c4       0x6c ./Core/Src/filters.o
                0x080009c4                lpf_init
 .text.hpf_init
                0x08000a30       0x74 ./Core/Src/filters.o
                0x08000a30                hpf_init
 .text.reverb_init
                0x08000aa4       0x84 ./Core/Src/filters.o
                0x08000aa4                reverb_init
 .text.pitchshifter_init
                0x08000b28       0x4e ./Core/Src/filters.o
                0x08000b28                pitchshifter_init
 .text.apply_lpf
                0x08000b76       0x54 ./Core/Src/filters.o
                0x08000b76                apply_lpf
 .text.apply_hpf
                0x08000bca       0x52 ./Core/Src/filters.o
                0x08000bca                apply_hpf
 .text.apply_distortion
                0x08000c1c       0x58 ./Core/Src/filters.o
                0x08000c1c                apply_distortion
 .text.apply_reverb
                0x08000c74       0xac ./Core/Src/filters.o
                0x08000c74                apply_reverb
 .text.lerp     0x08000d20       0x3c ./Core/Src/filters.o
 .text.apply_pitchshifter
                0x08000d5c      0x12c ./Core/Src/filters.o
                0x08000d5c                apply_pitchshifter
 .text.equalizer_init
                0x08000e88       0x80 ./Core/Src/filters.o
                0x08000e88                equalizer_init
 .text.darthvader_init
                0x08000f08       0xaa ./Core/Src/filters.o
                0x08000f08                darthvader_init
 .text.apply_equalizer
                0x08000fb2       0x8e ./Core/Src/filters.o
                0x08000fb2                apply_equalizer
 .text.apply_volume_gain
                0x08001040       0x68 ./Core/Src/filters.o
                0x08001040                apply_volume_gain
 .text.apply_darthvader
                0x080010a8       0x8e ./Core/Src/filters.o
                0x080010a8                apply_darthvader
 *fill*         0x08001136        0x2 
 .text.MX_GPIO_Init
                0x08001138       0xd4 ./Core/Src/gpio.o
                0x08001138                MX_GPIO_Init
 .text.MX_I2S2_Init
                0x0800120c       0x5c ./Core/Src/i2s.o
                0x0800120c                MX_I2S2_Init
 .text.HAL_I2S_MspInit
                0x08001268      0x130 ./Core/Src/i2s.o
                0x08001268                HAL_I2S_MspInit
 .text.main     0x08001398       0x5c ./Core/Src/main.o
                0x08001398                main
 .text.SystemClock_Config
                0x080013f4       0xd4 ./Core/Src/main.o
                0x080013f4                SystemClock_Config
 .text.Error_Handler
                0x080014c8        0xc ./Core/Src/main.o
                0x080014c8                Error_Handler
 .text.HAL_MspInit
                0x080014d4       0x50 ./Core/Src/stm32f4xx_hal_msp.o
                0x080014d4                HAL_MspInit
 .text.NMI_Handler
                0x08001524        0x8 ./Core/Src/stm32f4xx_it.o
                0x08001524                NMI_Handler
 .text.HardFault_Handler
                0x0800152c        0x8 ./Core/Src/stm32f4xx_it.o
                0x0800152c                HardFault_Handler
 .text.MemManage_Handler
                0x08001534        0x8 ./Core/Src/stm32f4xx_it.o
                0x08001534                MemManage_Handler
 .text.BusFault_Handler
                0x0800153c        0x8 ./Core/Src/stm32f4xx_it.o
                0x0800153c                BusFault_Handler
 .text.UsageFault_Handler
                0x08001544        0x8 ./Core/Src/stm32f4xx_it.o
                0x08001544                UsageFault_Handler
 .text.SVC_Handler
                0x0800154c        0xe ./Core/Src/stm32f4xx_it.o
                0x0800154c                SVC_Handler
 .text.DebugMon_Handler
                0x0800155a        0xe ./Core/Src/stm32f4xx_it.o
                0x0800155a                DebugMon_Handler
 .text.PendSV_Handler
                0x08001568        0xe ./Core/Src/stm32f4xx_it.o
                0x08001568                PendSV_Handler
 .text.SysTick_Handler
                0x08001576        0xc ./Core/Src/stm32f4xx_it.o
                0x08001576                SysTick_Handler
 .text.EXTI0_IRQHandler
                0x08001582        0xe ./Core/Src/stm32f4xx_it.o
                0x08001582                EXTI0_IRQHandler
 .text.DMA1_Stream4_IRQHandler
                0x08001590       0x14 ./Core/Src/stm32f4xx_it.o
                0x08001590                DMA1_Stream4_IRQHandler
 .text.TIM2_IRQHandler
                0x080015a4       0x14 ./Core/Src/stm32f4xx_it.o
                0x080015a4                TIM2_IRQHandler
 .text.DMA2_Stream0_IRQHandler
                0x080015b8       0x14 ./Core/Src/stm32f4xx_it.o
                0x080015b8                DMA2_Stream0_IRQHandler
 .text.HAL_GPIO_EXTI_Callback
                0x080015cc       0x28 ./Core/Src/stm32f4xx_it.o
                0x080015cc                HAL_GPIO_EXTI_Callback
 .text.HAL_I2S_TxHalfCpltCallback
                0x080015f4       0x44 ./Core/Src/stm32f4xx_it.o
                0x080015f4                HAL_I2S_TxHalfCpltCallback
 .text.HAL_I2S_TxCpltCallback
                0x08001638       0x70 ./Core/Src/stm32f4xx_it.o
                0x08001638                HAL_I2S_TxCpltCallback
 .text.SystemInit
                0x080016a8       0x24 ./Core/Src/system_stm32f4xx.o
                0x080016a8                SystemInit
 .text.MX_TIM2_Init
                0x080016cc       0x98 ./Core/Src/tim.o
                0x080016cc                MX_TIM2_Init
 .text.HAL_TIM_Base_MspInit
                0x08001764       0x4c ./Core/Src/tim.o
                0x08001764                HAL_TIM_Base_MspInit
 .text.Reset_Handler
                0x080017b0       0x50 ./Core/Startup/startup_stm32f411ceux.o
                0x080017b0                Reset_Handler
 .text.Default_Handler
                0x08001800        0x2 ./Core/Startup/startup_stm32f411ceux.o
                0x08001800                RTC_Alarm_IRQHandler
                0x08001800                EXTI2_IRQHandler
                0x08001800                SPI4_IRQHandler
                0x08001800                TIM1_CC_IRQHandler
                0x08001800                DMA2_Stream5_IRQHandler
                0x08001800                DMA1_Stream5_IRQHandler
                0x08001800                PVD_IRQHandler
                0x08001800                SDIO_IRQHandler
                0x08001800                TAMP_STAMP_IRQHandler
                0x08001800                EXTI3_IRQHandler
                0x08001800                TIM1_UP_TIM10_IRQHandler
                0x08001800                I2C3_ER_IRQHandler
                0x08001800                I2C2_EV_IRQHandler
                0x08001800                DMA1_Stream2_IRQHandler
                0x08001800                FPU_IRQHandler
                0x08001800                DMA2_Stream2_IRQHandler
                0x08001800                SPI1_IRQHandler
                0x08001800                TIM1_BRK_TIM9_IRQHandler
                0x08001800                DMA2_Stream3_IRQHandler
                0x08001800                USART6_IRQHandler
                0x08001800                TIM4_IRQHandler
                0x08001800                I2C1_EV_IRQHandler
                0x08001800                DMA1_Stream6_IRQHandler
                0x08001800                DMA1_Stream1_IRQHandler
                0x08001800                TIM3_IRQHandler
                0x08001800                RCC_IRQHandler
                0x08001800                Default_Handler
                0x08001800                EXTI15_10_IRQHandler
                0x08001800                ADC_IRQHandler
                0x08001800                DMA1_Stream7_IRQHandler
                0x08001800                SPI5_IRQHandler
                0x08001800                TIM5_IRQHandler
                0x08001800                DMA2_Stream7_IRQHandler
                0x08001800                I2C3_EV_IRQHandler
                0x08001800                EXTI9_5_IRQHandler
                0x08001800                RTC_WKUP_IRQHandler
                0x08001800                SPI2_IRQHandler
                0x08001800                DMA1_Stream0_IRQHandler
                0x08001800                EXTI4_IRQHandler
                0x08001800                WWDG_IRQHandler
                0x08001800                OTG_FS_WKUP_IRQHandler
                0x08001800                TIM1_TRG_COM_TIM11_IRQHandler
                0x08001800                EXTI1_IRQHandler
                0x08001800                USART2_IRQHandler
                0x08001800                I2C2_ER_IRQHandler
                0x08001800                DMA2_Stream1_IRQHandler
                0x08001800                FLASH_IRQHandler
                0x08001800                DMA2_Stream4_IRQHandler
                0x08001800                USART1_IRQHandler
                0x08001800                OTG_FS_IRQHandler
                0x08001800                SPI3_IRQHandler
                0x08001800                I2C1_ER_IRQHandler
                0x08001800                DMA2_Stream6_IRQHandler
                0x08001800                DMA1_Stream3_IRQHandler
 *fill*         0x08001802        0x2 
 .text.HAL_Init
                0x08001804       0x44 ./Drivers/STM32F4xx_HAL_Driver/Src/stm32f4xx_hal.o
                0x08001804                HAL_Init
 .text.HAL_InitTick
                0x08001848       0x60 ./Drivers/STM32F4xx_HAL_Driver/Src/stm32f4xx_hal.o
                0x08001848                HAL_InitTick
 .text.HAL_IncTick
                0x080018a8       0x28 ./Drivers/STM32F4xx_HAL_Driver/Src/stm32f4xx_hal.o
                0x080018a8                HAL_IncTick
 .text.HAL_GetTick
                0x080018d0       0x18 ./Drivers/STM32F4xx_HAL_Driver/Src/stm32f4xx_hal.o
                0x080018d0                HAL_GetTick
 .text.HAL_ADC_Init
                0x080018e8       0x86 ./Drivers/STM32F4xx_HAL_Driver/Src/stm32f4xx_hal_adc.o
                0x080018e8                HAL_ADC_Init
 *fill*         0x0800196e        0x2 
 .text.HAL_ADC_Start_DMA
                0x08001970      0x1e8 ./Drivers/STM32F4xx_HAL_Driver/Src/stm32f4xx_hal_adc.o
                0x08001970                HAL_ADC_Start_DMA
 .text.HAL_ADC_ConvCpltCallback
                0x08001b58       0x14 ./Drivers/STM32F4xx_HAL_Driver/Src/stm32f4xx_hal_adc.o
                0x08001b58                HAL_ADC_ConvCpltCallback
 .text.HAL_ADC_ConvHalfCpltCallback
                0x08001b6c       0x14 ./Drivers/STM32F4xx_HAL_Driver/Src/stm32f4xx_hal_adc.o
                0x08001b6c                HAL_ADC_ConvHalfCpltCallback
 .text.HAL_ADC_ErrorCallback
                0x08001b80       0x14 ./Drivers/STM32F4xx_HAL_Driver/Src/stm32f4xx_hal_adc.o
                0x08001b80                HAL_ADC_ErrorCallback
 .text.HAL_ADC_ConfigChannel
                0x08001b94      0x264 ./Drivers/STM32F4xx_HAL_Driver/Src/stm32f4xx_hal_adc.o
                0x08001b94                HAL_ADC_ConfigChannel
 .text.ADC_Init
                0x08001df8      0x1f8 ./Drivers/STM32F4xx_HAL_Driver/Src/stm32f4xx_hal_adc.o
 .text.ADC_DMAConvCplt
                0x08001ff0       0xba ./Drivers/STM32F4xx_HAL_Driver/Src/stm32f4xx_hal_adc.o
 .text.ADC_DMAHalfConvCplt
                0x080020aa       0x1c ./Drivers/STM32F4xx_HAL_Driver/Src/stm32f4xx_hal_adc.o
 .text.ADC_DMAError
                0x080020c6       0x2e ./Drivers/STM32F4xx_HAL_Driver/Src/stm32f4xx_hal_adc.o
 .text.__NVIC_SetPriorityGrouping
                0x080020f4       0x48 ./Drivers/STM32F4xx_HAL_Driver/Src/stm32f4xx_hal_cortex.o
 .text.__NVIC_GetPriorityGrouping
                0x0800213c       0x1c ./Drivers/STM32F4xx_HAL_Driver/Src/stm32f4xx_hal_cortex.o
 .text.__NVIC_EnableIRQ
                0x08002158       0x3c ./Drivers/STM32F4xx_HAL_Driver/Src/stm32f4xx_hal_cortex.o
 .text.__NVIC_SetPriority
                0x08002194       0x54 ./Drivers/STM32F4xx_HAL_Driver/Src/stm32f4xx_hal_cortex.o
 .text.NVIC_EncodePriority
                0x080021e8       0x66 ./Drivers/STM32F4xx_HAL_Driver/Src/stm32f4xx_hal_cortex.o
 *fill*         0x0800224e        0x2 
 .text.SysTick_Config
                0x08002250       0x44 ./Drivers/STM32F4xx_HAL_Driver/Src/stm32f4xx_hal_cortex.o
 .text.HAL_NVIC_SetPriorityGrouping
                0x08002294       0x16 ./Drivers/STM32F4xx_HAL_Driver/Src/stm32f4xx_hal_cortex.o
                0x08002294                HAL_NVIC_SetPriorityGrouping
 .text.HAL_NVIC_SetPriority
                0x080022aa       0x38 ./Drivers/STM32F4xx_HAL_Driver/Src/stm32f4xx_hal_cortex.o
                0x080022aa                HAL_NVIC_SetPriority
 .text.HAL_NVIC_EnableIRQ
                0x080022e2       0x1c ./Drivers/STM32F4xx_HAL_Driver/Src/stm32f4xx_hal_cortex.o
                0x080022e2                HAL_NVIC_EnableIRQ
 .text.HAL_SYSTICK_Config
                0x080022fe       0x18 ./Drivers/STM32F4xx_HAL_Driver/Src/stm32f4xx_hal_cortex.o
                0x080022fe                HAL_SYSTICK_Config
 *fill*         0x08002316        0x2 
 .text.HAL_DMA_Init
                0x08002318      0x15c ./Drivers/STM32F4xx_HAL_Driver/Src/stm32f4xx_hal_dma.o
                0x08002318                HAL_DMA_Init
 .text.HAL_DMA_Start_IT
                0x08002474       0xb0 ./Drivers/STM32F4xx_HAL_Driver/Src/stm32f4xx_hal_dma.o
                0x08002474                HAL_DMA_Start_IT
 .text.HAL_DMA_IRQHandler
                0x08002524      0x314 ./Drivers/STM32F4xx_HAL_Driver/Src/stm32f4xx_hal_dma.o
                0x08002524                HAL_DMA_IRQHandler
 .text.DMA_SetConfig
                0x08002838       0x5c ./Drivers/STM32F4xx_HAL_Driver/Src/stm32f4xx_hal_dma.o
 .text.DMA_CalcBaseAndBitshift
                0x08002894       0x6c ./Drivers/STM32F4xx_HAL_Driver/Src/stm32f4xx_hal_dma.o
 .text.DMA_CheckFifoParam
                0x08002900       0xf8 ./Drivers/STM32F4xx_HAL_Driver/Src/stm32f4xx_hal_dma.o
 .text.HAL_GPIO_Init
                0x080029f8      0x308 ./Drivers/STM32F4xx_HAL_Driver/Src/stm32f4xx_hal_gpio.o
                0x080029f8                HAL_GPIO_Init
 .text.HAL_GPIO_WritePin
                0x08002d00       0x32 ./Drivers/STM32F4xx_HAL_Driver/Src/stm32f4xx_hal_gpio.o
                0x08002d00                HAL_GPIO_WritePin
 .text.HAL_GPIO_TogglePin
                0x08002d32       0x34 ./Drivers/STM32F4xx_HAL_Driver/Src/stm32f4xx_hal_gpio.o
                0x08002d32                HAL_GPIO_TogglePin
 *fill*         0x08002d66        0x2 
 .text.HAL_GPIO_EXTI_IRQHandler
                0x08002d68       0x30 ./Drivers/STM32F4xx_HAL_Driver/Src/stm32f4xx_hal_gpio.o
                0x08002d68                HAL_GPIO_EXTI_IRQHandler
 .text.HAL_I2S_Init
                0x08002d98      0x280 ./Drivers/STM32F4xx_HAL_Driver/Src/stm32f4xx_hal_i2s.o
                0x08002d98                HAL_I2S_Init
 .text.HAL_I2S_Transmit_DMA
                0x08003018      0x148 ./Drivers/STM32F4xx_HAL_Driver/Src/stm32f4xx_hal_i2s.o
                0x08003018                HAL_I2S_Transmit_DMA
 .text.HAL_I2S_RxCpltCallback
                0x08003160       0x14 ./Drivers/STM32F4xx_HAL_Driver/Src/stm32f4xx_hal_i2s.o
                0x08003160                HAL_I2S_RxCpltCallback
 .text.HAL_I2S_ErrorCallback
                0x08003174       0x14 ./Drivers/STM32F4xx_HAL_Driver/Src/stm32f4xx_hal_i2s.o
                0x08003174                HAL_I2S_ErrorCallback
 .text.I2S_DMATxCplt
                0x08003188       0x42 ./Drivers/STM32F4xx_HAL_Driver/Src/stm32f4xx_hal_i2s.o
 .text.I2S_DMATxHalfCplt
                0x080031ca       0x1c ./Drivers/STM32F4xx_HAL_Driver/Src/stm32f4xx_hal_i2s.o
 .text.I2S_DMAError
                0x080031e6       0x4c ./Drivers/STM32F4xx_HAL_Driver/Src/stm32f4xx_hal_i2s.o
 .text.I2S_Transmit_IT
                0x08003232       0x5c ./Drivers/STM32F4xx_HAL_Driver/Src/stm32f4xx_hal_i2s.o
 .text.I2S_Receive_IT
                0x0800328e       0x5e ./Drivers/STM32F4xx_HAL_Driver/Src/stm32f4xx_hal_i2s.o
 .text.I2S_IRQHandler
                0x080032ec      0x114 ./Drivers/STM32F4xx_HAL_Driver/Src/stm32f4xx_hal_i2s.o
 .text.HAL_I2SEx_FullDuplex_IRQHandler
                0x08003400      0x2a8 ./Drivers/STM32F4xx_HAL_Driver/Src/stm32f4xx_hal_i2s_ex.o
                0x08003400                HAL_I2SEx_FullDuplex_IRQHandler
 .text.HAL_I2SEx_TxRxCpltCallback
                0x080036a8       0x14 ./Drivers/STM32F4xx_HAL_Driver/Src/stm32f4xx_hal_i2s_ex.o
                0x080036a8                HAL_I2SEx_TxRxCpltCallback
 .text.I2SEx_TxISR_I2S
                0x080036bc       0x62 ./Drivers/STM32F4xx_HAL_Driver/Src/stm32f4xx_hal_i2s_ex.o
 *fill*         0x0800371e        0x2 
 .text.I2SEx_TxISR_I2SExt
                0x08003720       0x98 ./Drivers/STM32F4xx_HAL_Driver/Src/stm32f4xx_hal_i2s_ex.o
 .text.I2SEx_RxISR_I2S
                0x080037b8       0x64 ./Drivers/STM32F4xx_HAL_Driver/Src/stm32f4xx_hal_i2s_ex.o
 .text.I2SEx_RxISR_I2SExt
                0x0800381c       0x98 ./Drivers/STM32F4xx_HAL_Driver/Src/stm32f4xx_hal_i2s_ex.o
 .text.HAL_RCC_OscConfig
                0x080038b4      0x4f0 ./Drivers/STM32F4xx_HAL_Driver/Src/stm32f4xx_hal_rcc.o
                0x080038b4                HAL_RCC_OscConfig
 .text.HAL_RCC_ClockConfig
                0x08003da4      0x1cc ./Drivers/STM32F4xx_HAL_Driver/Src/stm32f4xx_hal_rcc.o
                0x08003da4                HAL_RCC_ClockConfig
 .text.HAL_RCC_GetSysClockFreq
                0x08003f70      0x18c ./Drivers/STM32F4xx_HAL_Driver/Src/stm32f4xx_hal_rcc.o
                0x08003f70                HAL_RCC_GetSysClockFreq
 .text.HAL_RCCEx_PeriphCLKConfig
                0x080040fc      0x1e0 ./Drivers/STM32F4xx_HAL_Driver/Src/stm32f4xx_hal_rcc_ex.o
                0x080040fc                HAL_RCCEx_PeriphCLKConfig
 .text.HAL_RCCEx_GetPeriphCLKFreq
                0x080042dc       0xc4 ./Drivers/STM32F4xx_HAL_Driver/Src/stm32f4xx_hal_rcc_ex.o
                0x080042dc                HAL_RCCEx_GetPeriphCLKFreq
 .text.HAL_TIM_Base_Init
                0x080043a0       0x9e ./Drivers/STM32F4xx_HAL_Driver/Src/stm32f4xx_hal_tim.o
                0x080043a0                HAL_TIM_Base_Init
 *fill*         0x0800443e        0x2 
 .text.HAL_TIM_Base_Start
                0x08004440       0xb4 ./Drivers/STM32F4xx_HAL_Driver/Src/stm32f4xx_hal_tim.o
                0x08004440                HAL_TIM_Base_Start
 .text.HAL_TIM_IRQHandler
                0x080044f4      0x1e0 ./Drivers/STM32F4xx_HAL_Driver/Src/stm32f4xx_hal_tim.o
                0x080044f4                HAL_TIM_IRQHandler
 .text.HAL_TIM_ConfigClockSource
                0x080046d4      0x18e ./Drivers/STM32F4xx_HAL_Driver/Src/stm32f4xx_hal_tim.o
                0x080046d4                HAL_TIM_ConfigClockSource
 .text.HAL_TIM_PeriodElapsedCallback
                0x08004862       0x14 ./Drivers/STM32F4xx_HAL_Driver/Src/stm32f4xx_hal_tim.o
                0x08004862                HAL_TIM_PeriodElapsedCallback
 .text.HAL_TIM_OC_DelayElapsedCallback
                0x08004876       0x14 ./Drivers/STM32F4xx_HAL_Driver/Src/stm32f4xx_hal_tim.o
                0x08004876                HAL_TIM_OC_DelayElapsedCallback
 .text.HAL_TIM_IC_CaptureCallback
                0x0800488a       0x14 ./Drivers/STM32F4xx_HAL_Driver/Src/stm32f4xx_hal_tim.o
                0x0800488a                HAL_TIM_IC_CaptureCallback
 .text.HAL_TIM_PWM_PulseFinishedCallback
                0x0800489e       0x14 ./Drivers/STM32F4xx_HAL_Driver/Src/stm32f4xx_hal_tim.o
                0x0800489e                HAL_TIM_PWM_PulseFinishedCallback
 .text.HAL_TIM_TriggerCallback
                0x080048b2       0x14 ./Drivers/STM32F4xx_HAL_Driver/Src/stm32f4xx_hal_tim.o
                0x080048b2                HAL_TIM_TriggerCallback
 *fill*         0x080048c6        0x2 
 .text.TIM_Base_SetConfig
                0x080048c8      0x10c ./Drivers/STM32F4xx_HAL_Driver/Src/stm32f4xx_hal_tim.o
                0x080048c8                TIM_Base_SetConfig
 .text.TIM_TI1_ConfigInputStage
                0x080049d4       0x5e ./Drivers/STM32F4xx_HAL_Driver/Src/stm32f4xx_hal_tim.o
 .text.TIM_TI2_ConfigInputStage
                0x08004a32       0x60 ./Drivers/STM32F4xx_HAL_Driver/Src/stm32f4xx_hal_tim.o
 .text.TIM_ITRx_SetConfig
                0x08004a92       0x36 ./Drivers/STM32F4xx_HAL_Driver/Src/stm32f4xx_hal_tim.o
 .text.TIM_ETR_SetConfig
                0x08004ac8       0x40 ./Drivers/STM32F4xx_HAL_Driver/Src/stm32f4xx_hal_tim.o
                0x08004ac8                TIM_ETR_SetConfig
 .text.HAL_TIMEx_MasterConfigSynchronization
                0x08004b08       0xdc ./Drivers/STM32F4xx_HAL_Driver/Src/stm32f4xx_hal_tim_ex.o
                0x08004b08                HAL_TIMEx_MasterConfigSynchronization
 .text.HAL_TIMEx_CommutCallback
                0x08004be4       0x14 ./Drivers/STM32F4xx_HAL_Driver/Src/stm32f4xx_hal_tim_ex.o
                0x08004be4                HAL_TIMEx_CommutCallback
 .text.HAL_TIMEx_BreakCallback
                0x08004bf8       0x14 ./Drivers/STM32F4xx_HAL_Driver/Src/stm32f4xx_hal_tim_ex.o
                0x08004bf8                HAL_TIMEx_BreakCallback
 .text.memset   0x08004c0c       0x10 D:/STM32CubeIDE/STM32CubeIDE_1.19.0/STM32CubeIDE/plugins/com.st.stm32cube.ide.mcu.externaltools.gnu-tools-for-stm32.13.3.rel1.win32_1.0.0.202411081344/tools/bin/../lib/gcc/arm-none-eabi/13.3.1/../../../../arm-none-eabi/lib/thumb/v7e-m+fp/hard\libc_nano.a(libc_a-memset.o)
                0x08004c0c                memset
 .text.__libc_init_array
                0x08004c1c       0x48 D:/STM32CubeIDE/STM32CubeIDE_1.19.0/STM32CubeIDE/plugins/com.st.stm32cube.ide.mcu.externaltools.gnu-tools-for-stm32.13.3.rel1.win32_1.0.0.202411081344/tools/bin/../lib/gcc/arm-none-eabi/13.3.1/../../../../arm-none-eabi/lib/thumb/v7e-m+fp/hard\libc_nano.a(libc_a-init.o)
                0x08004c1c                __libc_init_array
 *(.glue_7)
 .glue_7        0x08004c64        0x0 linker stubs
 *(.glue_7t)
 .glue_7t       0x08004c64        0x0 linker stubs
 *(.eh_frame)
 .eh_frame      0x08004c64        0x0 D:/STM32CubeIDE/STM32CubeIDE_1.19.0/STM32CubeIDE/plugins/com.st.stm32cube.ide.mcu.externaltools.gnu-tools-for-stm32.13.3.rel1.win32_1.0.0.202411081344/tools/bin/../lib/gcc/arm-none-eabi/13.3.1/thumb/v7e-m+fp/hard/crtbegin.o
 *(.init)
 .init          0x08004c64        0x4 D:/STM32CubeIDE/STM32CubeIDE_1.19.0/STM32CubeIDE/plugins/com.st.stm32cube.ide.mcu.externaltools.gnu-tools-for-stm32.13.3.rel1.win32_1.0.0.202411081344/tools/bin/../lib/gcc/arm-none-eabi/13.3.1/thumb/v7e-m+fp/hard/crti.o
                0x08004c64                _init
 .init          0x08004c68        0x8 D:/STM32CubeIDE/STM32CubeIDE_1.19.0/STM32CubeIDE/plugins/com.st.stm32cube.ide.mcu.externaltools.gnu-tools-for-stm32.13.3.rel1.win32_1.0.0.202411081344/tools/bin/../lib/gcc/arm-none-eabi/13.3.1/thumb/v7e-m+fp/hard/crtn.o
 *(.fini)
 .fini          0x08004c70        0x4 D:/STM32CubeIDE/STM32CubeIDE_1.19.0/STM32CubeIDE/plugins/com.st.stm32cube.ide.mcu.externaltools.gnu-tools-for-stm32.13.3.rel1.win32_1.0.0.202411081344/tools/bin/../lib/gcc/arm-none-eabi/13.3.1/thumb/v7e-m+fp/hard/crti.o
                0x08004c70                _fini
 .fini          0x08004c74        0x8 D:/STM32CubeIDE/STM32CubeIDE_1.19.0/STM32CubeIDE/plugins/com.st.stm32cube.ide.mcu.externaltools.gnu-tools-for-stm32.13.3.rel1.win32_1.0.0.202411081344/tools/bin/../lib/gcc/arm-none-eabi/13.3.1/thumb/v7e-m+fp/hard/crtn.o
                0x08004c7c                        . = ALIGN (0x4)
                0x08004c7c                        _etext = .

.vfp11_veneer   0x08004c7c        0x0
 .vfp11_veneer  0x08004c7c        0x0 linker stubs

.v4_bx          0x08004c7c        0x0
 .v4_bx         0x08004c7c        0x0 linker stubs

.iplt           0x08004c7c        0x0
 .iplt          0x08004c7c        0x0 D:/STM32CubeIDE/STM32CubeIDE_1.19.0/STM32CubeIDE/plugins/com.st.stm32cube.ide.mcu.externaltools.gnu-tools-for-stm32.13.3.rel1.win32_1.0.0.202411081344/tools/bin/../lib/gcc/arm-none-eabi/13.3.1/thumb/v7e-m+fp/hard/crtbegin.o

.rodata         0x08004c7c       0x18
                0x08004c7c                        . = ALIGN (0x4)
 *(.rodata)
 *(.rodata*)
 .rodata.AHBPrescTable
                0x08004c7c       0x10 ./Core/Src/system_stm32f4xx.o
                0x08004c7c                AHBPrescTable
 .rodata.flagBitshiftOffset.0
                0x08004c8c        0x8 ./Drivers/STM32F4xx_HAL_Driver/Src/stm32f4xx_hal_dma.o
                0x08004c94                        . = ALIGN (0x4)

.ARM.extab      0x08004c94        0x0
                0x08004c94                        . = ALIGN (0x4)
 *(.ARM.extab* .gnu.linkonce.armextab.*)
                0x08004c94                        . = ALIGN (0x4)

.ARM            0x08004c94        0x8
                0x08004c94                        . = ALIGN (0x4)
                0x08004c94                        __exidx_start = .
 *(.ARM.exidx*)
 .ARM.exidx     0x08004c94        0x8 D:/STM32CubeIDE/STM32CubeIDE_1.19.0/STM32CubeIDE/plugins/com.st.stm32cube.ide.mcu.externaltools.gnu-tools-for-stm32.13.3.rel1.win32_1.0.0.202411081344/tools/bin/../lib/gcc/arm-none-eabi/13.3.1/thumb/v7e-m+fp/hard\libgcc.a(_udivmoddi4.o)
                0x08004c9c                        __exidx_end = .
                0x08004c9c                        . = ALIGN (0x4)

.preinit_array  0x08004c9c        0x0
                0x08004c9c                        . = ALIGN (0x4)
                0x08004c9c                        PROVIDE (__preinit_array_start = .)
 *(.preinit_array*)
                0x08004c9c                        PROVIDE (__preinit_array_end = .)
                0x08004c9c                        . = ALIGN (0x4)

.init_array     0x08004c9c        0x4
                0x08004c9c                        . = ALIGN (0x4)
                0x08004c9c                        PROVIDE (__init_array_start = .)
 *(SORT_BY_NAME(.init_array.*))
 *(.init_array*)
 .init_array    0x08004c9c        0x4 D:/STM32CubeIDE/STM32CubeIDE_1.19.0/STM32CubeIDE/plugins/com.st.stm32cube.ide.mcu.externaltools.gnu-tools-for-stm32.13.3.rel1.win32_1.0.0.202411081344/tools/bin/../lib/gcc/arm-none-eabi/13.3.1/thumb/v7e-m+fp/hard/crtbegin.o
                0x08004ca0                        PROVIDE (__init_array_end = .)
                0x08004ca0                        . = ALIGN (0x4)

.fini_array     0x08004ca0        0x4
                0x08004ca0                        . = ALIGN (0x4)
                [!provide]                        PROVIDE (__fini_array_start = .)
 *(SORT_BY_NAME(.fini_array.*))
 *(.fini_array*)
 .fini_array    0x08004ca0        0x4 D:/STM32CubeIDE/STM32CubeIDE_1.19.0/STM32CubeIDE/plugins/com.st.stm32cube.ide.mcu.externaltools.gnu-tools-for-stm32.13.3.rel1.win32_1.0.0.202411081344/tools/bin/../lib/gcc/arm-none-eabi/13.3.1/thumb/v7e-m+fp/hard/crtbegin.o
                [!provide]                        PROVIDE (__fini_array_end = .)
                0x08004ca4                        . = ALIGN (0x4)
                0x08004ca4                        _sidata = LOADADDR (.data)

.rel.dyn        0x08004ca4        0x0
 .rel.iplt      0x08004ca4        0x0 D:/STM32CubeIDE/STM32CubeIDE_1.19.0/STM32CubeIDE/plugins/com.st.stm32cube.ide.mcu.externaltools.gnu-tools-for-stm32.13.3.rel1.win32_1.0.0.202411081344/tools/bin/../lib/gcc/arm-none-eabi/13.3.1/thumb/v7e-m+fp/hard/crtbegin.o

.data           0x20000000       0x18 load address 0x08004ca4
                0x20000000                        . = ALIGN (0x4)
                0x20000000                        _sdata = .
 *(.data)
 *(.data*)
 .data.process_in_buffer
                0x20000000        0x4 ./Core/Src/audio_processing.o
                0x20000000                process_in_buffer
 .data.process_out_buffer
                0x20000004        0x4 ./Core/Src/audio_processing.o
                0x20000004                process_out_buffer
 .data.samplerate
                0x20000008        0x4 ./Core/Src/audio_processing.o
                0x20000008                samplerate
 .data.SystemCoreClock
                0x2000000c        0x4 ./Core/Src/system_stm32f4xx.o
                0x2000000c                SystemCoreClock
 .data.uwTickPrio
                0x20000010        0x4 ./Drivers/STM32F4xx_HAL_Driver/Src/stm32f4xx_hal.o
                0x20000010                uwTickPrio
 .data.uwTickFreq
                0x20000014        0x1 ./Drivers/STM32F4xx_HAL_Driver/Src/stm32f4xx_hal.o
                0x20000014                uwTickFreq
 *(.RamFunc)
 *(.RamFunc*)
                0x20000018                        . = ALIGN (0x4)
 *fill*         0x20000015        0x3 
                0x20000018                        _edata = .

.igot.plt       0x20000018        0x0 load address 0x08004cbc
 .igot.plt      0x20000018        0x0 D:/STM32CubeIDE/STM32CubeIDE_1.19.0/STM32CubeIDE/plugins/com.st.stm32cube.ide.mcu.externaltools.gnu-tools-for-stm32.13.3.rel1.win32_1.0.0.202411081344/tools/bin/../lib/gcc/arm-none-eabi/13.3.1/thumb/v7e-m+fp/hard/crtbegin.o
                0x20000018                        . = ALIGN (0x4)

.bss            0x20000018     0x4740 load address 0x08004cbc
                0x20000018                        _sbss = .
                0x20000018                        __bss_start__ = _sbss
 *(.bss)
 .bss           0x20000018       0x1c D:/STM32CubeIDE/STM32CubeIDE_1.19.0/STM32CubeIDE/plugins/com.st.stm32cube.ide.mcu.externaltools.gnu-tools-for-stm32.13.3.rel1.win32_1.0.0.202411081344/tools/bin/../lib/gcc/arm-none-eabi/13.3.1/thumb/v7e-m+fp/hard/crtbegin.o
 *(.bss*)
 .bss.hadc1     0x20000034       0x48 ./Core/Src/adc.o
                0x20000034                hadc1
 .bss.hdma_adc1
                0x2000007c       0x60 ./Core/Src/adc.o
                0x2000007c                hdma_adc1
 .bss.IN_BUFFER
                0x200000dc      0x800 ./Core/Src/audio_processing.o
                0x200000dc                IN_BUFFER
 .bss.OUT_BUFFER
                0x200008dc     0x1000 ./Core/Src/audio_processing.o
                0x200008dc                OUT_BUFFER
 .bss.lpf       0x200018dc        0x8 ./Core/Src/audio_processing.o
                0x200018dc                lpf
 .bss.hpf       0x200018e4        0xc ./Core/Src/audio_processing.o
                0x200018e4                hpf
 .bss.optimus_prime
                0x200018f0      0xf10 ./Core/Src/audio_processing.o
                0x200018f0                optimus_prime
 .bss.dv        0x20002800     0x1e5c ./Core/Src/audio_processing.o
                0x20002800                dv
 .bss.CURRENT_FILTER
                0x2000465c        0x1 ./Core/Src/filters.o
                0x2000465c                CURRENT_FILTER
 *fill*         0x2000465d        0x3 
 .bss.hi2s2     0x20004660       0x48 ./Core/Src/i2s.o
                0x20004660                hi2s2
 .bss.hdma_spi2_tx
                0x200046a8       0x60 ./Core/Src/i2s.o
                0x200046a8                hdma_spi2_tx
 .bss.count     0x20004708        0x2 ./Core/Src/stm32f4xx_it.o
                0x20004708                count
 *fill*         0x2000470a        0x2 
 .bss.htim2     0x2000470c       0x48 ./Core/Src/tim.o
                0x2000470c                htim2
 .bss.uwTick    0x20004754        0x4 ./Drivers/STM32F4xx_HAL_Driver/Src/stm32f4xx_hal.o
                0x20004754                uwTick
 *(COMMON)
                0x20004758                        . = ALIGN (0x4)
                0x20004758                        _ebss = .
                0x20004758                        __bss_end__ = _ebss

._user_heap_stack
                0x20004758      0x600 load address 0x08004cbc
                0x20004758                        . = ALIGN (0x8)
                [!provide]                        PROVIDE (end = .)
                0x20004758                        PROVIDE (_end = .)
                0x20004958                        . = (. + _Min_Heap_Size)
 *fill*         0x20004758      0x200 
                0x20004d58                        . = (. + _Min_Stack_Size)
 *fill*         0x20004958      0x400 
                0x20004d58                        . = ALIGN (0x8)

/DISCARD/
 libc.a(*)
 libm.a(*)
 libgcc.a(*)

.ARM.attributes
                0x00000000       0x30
 *(.ARM.attributes)
 .ARM.attributes
                0x00000000       0x22 D:/STM32CubeIDE/STM32CubeIDE_1.19.0/STM32CubeIDE/plugins/com.st.stm32cube.ide.mcu.externaltools.gnu-tools-for-stm32.13.3.rel1.win32_1.0.0.202411081344/tools/bin/../lib/gcc/arm-none-eabi/13.3.1/thumb/v7e-m+fp/hard/crti.o
 .ARM.attributes
                0x00000022       0x34 D:/STM32CubeIDE/STM32CubeIDE_1.19.0/STM32CubeIDE/plugins/com.st.stm32cube.ide.mcu.externaltools.gnu-tools-for-stm32.13.3.rel1.win32_1.0.0.202411081344/tools/bin/../lib/gcc/arm-none-eabi/13.3.1/thumb/v7e-m+fp/hard/crtbegin.o
 .ARM.attributes
                0x00000056       0x34 ./Core/Src/adc.o
 .ARM.attributes
                0x0000008a       0x34 ./Core/Src/audio_processing.o
 .ARM.attributes
                0x000000be       0x34 ./Core/Src/dma.o
 .ARM.attributes
                0x000000f2       0x34 ./Core/Src/filters.o
 .ARM.attributes
                0x00000126       0x34 ./Core/Src/gpio.o
 .ARM.attributes
                0x0000015a       0x34 ./Core/Src/i2s.o
 .ARM.attributes
                0x0000018e       0x34 ./Core/Src/main.o
 .ARM.attributes
                0x000001c2       0x34 ./Core/Src/stm32f4xx_hal_msp.o
 .ARM.attributes
                0x000001f6       0x34 ./Core/Src/stm32f4xx_it.o
 .ARM.attributes
                0x0000022a       0x34 ./Core/Src/system_stm32f4xx.o
 .ARM.attributes
                0x0000025e       0x34 ./Core/Src/tim.o
 .ARM.attributes
                0x00000292       0x21 ./Core/Startup/startup_stm32f411ceux.o
 .ARM.attributes
                0x000002b3       0x34 ./Drivers/STM32F4xx_HAL_Driver/Src/stm32f4xx_hal.o
 .ARM.attributes
                0x000002e7       0x34 ./Drivers/STM32F4xx_HAL_Driver/Src/stm32f4xx_hal_adc.o
 .ARM.attributes
                0x0000031b       0x34 ./Drivers/STM32F4xx_HAL_Driver/Src/stm32f4xx_hal_cortex.o
 .ARM.attributes
                0x0000034f       0x34 ./Drivers/STM32F4xx_HAL_Driver/Src/stm32f4xx_hal_dma.o
 .ARM.attributes
                0x00000383       0x34 ./Drivers/STM32F4xx_HAL_Driver/Src/stm32f4xx_hal_gpio.o
 .ARM.attributes
                0x000003b7       0x34 ./Drivers/STM32F4xx_HAL_Driver/Src/stm32f4xx_hal_i2s.o
 .ARM.attributes
                0x000003eb       0x34 ./Drivers/STM32F4xx_HAL_Driver/Src/stm32f4xx_hal_i2s_ex.o
 .ARM.attributes
                0x0000041f       0x34 ./Drivers/STM32F4xx_HAL_Driver/Src/stm32f4xx_hal_rcc.o
 .ARM.attributes
                0x00000453       0x34 ./Drivers/STM32F4xx_HAL_Driver/Src/stm32f4xx_hal_rcc_ex.o
 .ARM.attributes
                0x00000487       0x34 ./Drivers/STM32F4xx_HAL_Driver/Src/stm32f4xx_hal_tim.o
 .ARM.attributes
                0x000004bb       0x34 ./Drivers/STM32F4xx_HAL_Driver/Src/stm32f4xx_hal_tim_ex.o
 .ARM.attributes
                0x000004ef       0x34 D:/STM32CubeIDE/STM32CubeIDE_1.19.0/STM32CubeIDE/plugins/com.st.stm32cube.ide.mcu.externaltools.gnu-tools-for-stm32.13.3.rel1.win32_1.0.0.202411081344/tools/bin/../lib/gcc/arm-none-eabi/13.3.1/../../../../arm-none-eabi/lib/thumb/v7e-m+fp/hard\libc_nano.a(libc_a-memset.o)
 .ARM.attributes
                0x00000523       0x34 D:/STM32CubeIDE/STM32CubeIDE_1.19.0/STM32CubeIDE/plugins/com.st.stm32cube.ide.mcu.externaltools.gnu-tools-for-stm32.13.3.rel1.win32_1.0.0.202411081344/tools/bin/../lib/gcc/arm-none-eabi/13.3.1/../../../../arm-none-eabi/lib/thumb/v7e-m+fp/hard\libc_nano.a(libc_a-init.o)
 .ARM.attributes
                0x00000557       0x22 D:/STM32CubeIDE/STM32CubeIDE_1.19.0/STM32CubeIDE/plugins/com.st.stm32cube.ide.mcu.externaltools.gnu-tools-for-stm32.13.3.rel1.win32_1.0.0.202411081344/tools/bin/../lib/gcc/arm-none-eabi/13.3.1/thumb/v7e-m+fp/hard\libgcc.a(_aeabi_uldivmod.o)
 .ARM.attributes
                0x00000579       0x34 D:/STM32CubeIDE/STM32CubeIDE_1.19.0/STM32CubeIDE/plugins/com.st.stm32cube.ide.mcu.externaltools.gnu-tools-for-stm32.13.3.rel1.win32_1.0.0.202411081344/tools/bin/../lib/gcc/arm-none-eabi/13.3.1/thumb/v7e-m+fp/hard\libgcc.a(_udivmoddi4.o)
 .ARM.attributes
                0x000005ad       0x22 D:/STM32CubeIDE/STM32CubeIDE_1.19.0/STM32CubeIDE/plugins/com.st.stm32cube.ide.mcu.externaltools.gnu-tools-for-stm32.13.3.rel1.win32_1.0.0.202411081344/tools/bin/../lib/gcc/arm-none-eabi/13.3.1/thumb/v7e-m+fp/hard\libgcc.a(_dvmd_tls.o)
 .ARM.attributes
                0x000005cf       0x22 D:/STM32CubeIDE/STM32CubeIDE_1.19.0/STM32CubeIDE/plugins/com.st.stm32cube.ide.mcu.externaltools.gnu-tools-for-stm32.13.3.rel1.win32_1.0.0.202411081344/tools/bin/../lib/gcc/arm-none-eabi/13.3.1/thumb/v7e-m+fp/hard/crtn.o
OUTPUT(Falando por AI.elf elf32-littlearm)
LOAD linker stubs
LOAD D:/STM32CubeIDE/STM32CubeIDE_1.19.0/STM32CubeIDE/plugins/com.st.stm32cube.ide.mcu.externaltools.gnu-tools-for-stm32.13.3.rel1.win32_1.0.0.202411081344/tools/bin/../lib/gcc/arm-none-eabi/13.3.1/../../../../arm-none-eabi/lib/thumb/v7e-m+fp/hard\libc.a
LOAD D:/STM32CubeIDE/STM32CubeIDE_1.19.0/STM32CubeIDE/plugins/com.st.stm32cube.ide.mcu.externaltools.gnu-tools-for-stm32.13.3.rel1.win32_1.0.0.202411081344/tools/bin/../lib/gcc/arm-none-eabi/13.3.1/../../../../arm-none-eabi/lib/thumb/v7e-m+fp/hard\libm.a
LOAD D:/STM32CubeIDE/STM32CubeIDE_1.19.0/STM32CubeIDE/plugins/com.st.stm32cube.ide.mcu.externaltools.gnu-tools-for-stm32.13.3.rel1.win32_1.0.0.202411081344/tools/bin/../lib/gcc/arm-none-eabi/13.3.1/thumb/v7e-m+fp/hard\libgcc.a

.debug_info     0x00000000     0xf8cf
 .debug_info    0x00000000      0xa06 ./Core/Src/adc.o
 .debug_info    0x00000a06      0x63b ./Core/Src/audio_processing.o
 .debug_info    0x00001041      0x45e ./Core/Src/dma.o
 .debug_info    0x0000149f      0x902 ./Core/Src/filters.o
 .debug_info    0x00001da1      0x5e0 ./Core/Src/gpio.o
 .debug_info    0x00002381      0xa92 ./Core/Src/i2s.o
 .debug_info    0x00002e13     0x1078 ./Core/Src/main.o
 .debug_info    0x00003e8b      0x291 ./Core/Src/stm32f4xx_hal_msp.o
 .debug_info    0x0000411c      0xe65 ./Core/Src/stm32f4xx_it.o
 .debug_info    0x00004f81      0x53e ./Core/Src/system_stm32f4xx.o
 .debug_info    0x000054bf      0xb98 ./Core/Src/tim.o
 .debug_info    0x00006057       0x30 ./Core/Startup/startup_stm32f411ceux.o
 .debug_info    0x00006087      0x8c4 ./Drivers/STM32F4xx_HAL_Driver/Src/stm32f4xx_hal.o
 .debug_info    0x0000694b      0xce0 ./Drivers/STM32F4xx_HAL_Driver/Src/stm32f4xx_hal_adc.o
 .debug_info    0x0000762b      0xcfc ./Drivers/STM32F4xx_HAL_Driver/Src/stm32f4xx_hal_cortex.o
 .debug_info    0x00008327      0x8e6 ./Drivers/STM32F4xx_HAL_Driver/Src/stm32f4xx_hal_dma.o
 .debug_info    0x00008c0d      0x6f9 ./Drivers/STM32F4xx_HAL_Driver/Src/stm32f4xx_hal_gpio.o
 .debug_info    0x00009306      0xe07 ./Drivers/STM32F4xx_HAL_Driver/Src/stm32f4xx_hal_i2s.o
 .debug_info    0x0000a10d      0xab3 ./Drivers/STM32F4xx_HAL_Driver/Src/stm32f4xx_hal_i2s_ex.o
 .debug_info    0x0000abc0      0x904 ./Drivers/STM32F4xx_HAL_Driver/Src/stm32f4xx_hal_rcc.o
 .debug_info    0x0000b4c4      0x5a1 ./Drivers/STM32F4xx_HAL_Driver/Src/stm32f4xx_hal_rcc_ex.o
 .debug_info    0x0000ba65     0x2996 ./Drivers/STM32F4xx_HAL_Driver/Src/stm32f4xx_hal_tim.o
 .debug_info    0x0000e3fb     0x14d4 ./Drivers/STM32F4xx_HAL_Driver/Src/stm32f4xx_hal_tim_ex.o

.debug_abbrev   0x00000000     0x2dbd
 .debug_abbrev  0x00000000      0x204 ./Core/Src/adc.o
 .debug_abbrev  0x00000204      0x23a ./Core/Src/audio_processing.o
 .debug_abbrev  0x0000043e      0x11b ./Core/Src/dma.o
 .debug_abbrev  0x00000559      0x23d ./Core/Src/filters.o
 .debug_abbrev  0x00000796      0x173 ./Core/Src/gpio.o
 .debug_abbrev  0x00000909      0x201 ./Core/Src/i2s.o
 .debug_abbrev  0x00000b0a      0x248 ./Core/Src/main.o
 .debug_abbrev  0x00000d52       0xd8 ./Core/Src/stm32f4xx_hal_msp.o
 .debug_abbrev  0x00000e2a      0x267 ./Core/Src/stm32f4xx_it.o
 .debug_abbrev  0x00001091      0x11a ./Core/Src/system_stm32f4xx.o
 .debug_abbrev  0x000011ab      0x20a ./Core/Src/tim.o
 .debug_abbrev  0x000013b5       0x24 ./Core/Startup/startup_stm32f411ceux.o
 .debug_abbrev  0x000013d9      0x24b ./Drivers/STM32F4xx_HAL_Driver/Src/stm32f4xx_hal.o
 .debug_abbrev  0x00001624      0x20e ./Drivers/STM32F4xx_HAL_Driver/Src/stm32f4xx_hal_adc.o
 .debug_abbrev  0x00001832      0x31d ./Drivers/STM32F4xx_HAL_Driver/Src/stm32f4xx_hal_cortex.o
 .debug_abbrev  0x00001b4f      0x221 ./Drivers/STM32F4xx_HAL_Driver/Src/stm32f4xx_hal_dma.o
 .debug_abbrev  0x00001d70      0x1d3 ./Drivers/STM32F4xx_HAL_Driver/Src/stm32f4xx_hal_gpio.o
 .debug_abbrev  0x00001f43      0x26c ./Drivers/STM32F4xx_HAL_Driver/Src/stm32f4xx_hal_i2s.o
 .debug_abbrev  0x000021af      0x285 ./Drivers/STM32F4xx_HAL_Driver/Src/stm32f4xx_hal_i2s_ex.o
 .debug_abbrev  0x00002434      0x2b6 ./Drivers/STM32F4xx_HAL_Driver/Src/stm32f4xx_hal_rcc.o
 .debug_abbrev  0x000026ea      0x1b2 ./Drivers/STM32F4xx_HAL_Driver/Src/stm32f4xx_hal_rcc_ex.o
 .debug_abbrev  0x0000289c      0x28b ./Drivers/STM32F4xx_HAL_Driver/Src/stm32f4xx_hal_tim.o
 .debug_abbrev  0x00002b27      0x296 ./Drivers/STM32F4xx_HAL_Driver/Src/stm32f4xx_hal_tim_ex.o

.debug_aranges  0x00000000      0xe80
 .debug_aranges
                0x00000000       0x30 ./Core/Src/adc.o
 .debug_aranges
                0x00000030       0x48 ./Core/Src/audio_processing.o
 .debug_aranges
                0x00000078       0x20 ./Core/Src/dma.o
 .debug_aranges
                0x00000098       0xa0 ./Core/Src/filters.o
 .debug_aranges
                0x00000138       0x20 ./Core/Src/gpio.o
 .debug_aranges
                0x00000158       0x30 ./Core/Src/i2s.o
 .debug_aranges
                0x00000188       0x30 ./Core/Src/main.o
 .debug_aranges
                0x000001b8       0x20 ./Core/Src/stm32f4xx_hal_msp.o
 .debug_aranges
                0x000001d8       0x98 ./Core/Src/stm32f4xx_it.o
 .debug_aranges
                0x00000270       0x28 ./Core/Src/system_stm32f4xx.o
 .debug_aranges
                0x00000298       0x30 ./Core/Src/tim.o
 .debug_aranges
                0x000002c8       0x28 ./Core/Startup/startup_stm32f411ceux.o
 .debug_aranges
                0x000002f0       0xf0 ./Drivers/STM32F4xx_HAL_Driver/Src/stm32f4xx_hal.o
 .debug_aranges
                0x000003e0       0xe8 ./Drivers/STM32F4xx_HAL_Driver/Src/stm32f4xx_hal_adc.o
 .debug_aranges
                0x000004c8      0x130 ./Drivers/STM32F4xx_HAL_Driver/Src/stm32f4xx_hal_cortex.o
 .debug_aranges
                0x000005f8       0x90 ./Drivers/STM32F4xx_HAL_Driver/Src/stm32f4xx_hal_dma.o
 .debug_aranges
                0x00000688       0x58 ./Drivers/STM32F4xx_HAL_Driver/Src/stm32f4xx_hal_gpio.o
 .debug_aranges
                0x000006e0      0x108 ./Drivers/STM32F4xx_HAL_Driver/Src/stm32f4xx_hal_i2s.o
 .debug_aranges
                0x000007e8       0x88 ./Drivers/STM32F4xx_HAL_Driver/Src/stm32f4xx_hal_i2s_ex.o
 .debug_aranges
                0x00000870       0x88 ./Drivers/STM32F4xx_HAL_Driver/Src/stm32f4xx_hal_rcc.o
 .debug_aranges
                0x000008f8       0x50 ./Drivers/STM32F4xx_HAL_Driver/Src/stm32f4xx_hal_rcc_ex.o
 .debug_aranges
                0x00000948      0x3d0 ./Drivers/STM32F4xx_HAL_Driver/Src/stm32f4xx_hal_tim.o
 .debug_aranges
                0x00000d18      0x168 ./Drivers/STM32F4xx_HAL_Driver/Src/stm32f4xx_hal_tim_ex.o

.debug_rnglists
                0x00000000      0xb14
 .debug_rnglists
                0x00000000       0x21 ./Core/Src/adc.o
 .debug_rnglists
                0x00000021       0x34 ./Core/Src/audio_processing.o
 .debug_rnglists
                0x00000055       0x13 ./Core/Src/dma.o
 .debug_rnglists
                0x00000068       0x7b ./Core/Src/filters.o
 .debug_rnglists
                0x000000e3       0x14 ./Core/Src/gpio.o
 .debug_rnglists
                0x000000f7       0x20 ./Core/Src/i2s.o
 .debug_rnglists
                0x00000117       0x20 ./Core/Src/main.o
 .debug_rnglists
                0x00000137       0x13 ./Core/Src/stm32f4xx_hal_msp.o
 .debug_rnglists
                0x0000014a       0x6d ./Core/Src/stm32f4xx_it.o
 .debug_rnglists
                0x000001b7       0x1a ./Core/Src/system_stm32f4xx.o
 .debug_rnglists
                0x000001d1       0x20 ./Core/Src/tim.o
 .debug_rnglists
                0x000001f1       0x19 ./Core/Startup/startup_stm32f411ceux.o
 .debug_rnglists
                0x0000020a       0xaf ./Drivers/STM32F4xx_HAL_Driver/Src/stm32f4xx_hal.o
 .debug_rnglists
                0x000002b9       0xb5 ./Drivers/STM32F4xx_HAL_Driver/Src/stm32f4xx_hal_adc.o
 .debug_rnglists
                0x0000036e       0xe0 ./Drivers/STM32F4xx_HAL_Driver/Src/stm32f4xx_hal_cortex.o
 .debug_rnglists
                0x0000044e       0x70 ./Drivers/STM32F4xx_HAL_Driver/Src/stm32f4xx_hal_dma.o
 .debug_rnglists
                0x000004be       0x3f ./Drivers/STM32F4xx_HAL_Driver/Src/stm32f4xx_hal_gpio.o
 .debug_rnglists
                0x000004fd       0xcc ./Drivers/STM32F4xx_HAL_Driver/Src/stm32f4xx_hal_i2s.o
 .debug_rnglists
                0x000005c9       0x6a ./Drivers/STM32F4xx_HAL_Driver/Src/stm32f4xx_hal_i2s_ex.o
 .debug_rnglists
                0x00000633       0x66 ./Drivers/STM32F4xx_HAL_Driver/Src/stm32f4xx_hal_rcc.o
 .debug_rnglists
                0x00000699       0x3c ./Drivers/STM32F4xx_HAL_Driver/Src/stm32f4xx_hal_rcc_ex.o
 .debug_rnglists
                0x000006d5      0x31a ./Drivers/STM32F4xx_HAL_Driver/Src/stm32f4xx_hal_tim.o
 .debug_rnglists
                0x000009ef      0x125 ./Drivers/STM32F4xx_HAL_Driver/Src/stm32f4xx_hal_tim_ex.o

.debug_macro    0x00000000    0x19066
 .debug_macro   0x00000000      0x21e ./Core/Src/adc.o
 .debug_macro   0x0000021e      0xad8 ./Core/Src/adc.o
 .debug_macro   0x00000cf6      0x2a1 ./Core/Src/adc.o
 .debug_macro   0x00000f97       0x2e ./Core/Src/adc.o
 .debug_macro   0x00000fc5       0x28 ./Core/Src/adc.o
 .debug_macro   0x00000fed       0x22 ./Core/Src/adc.o
 .debug_macro   0x0000100f       0x8e ./Core/Src/adc.o
 .debug_macro   0x0000109d       0x51 ./Core/Src/adc.o
 .debug_macro   0x000010ee      0x103 ./Core/Src/adc.o
 .debug_macro   0x000011f1       0x6a ./Core/Src/adc.o
 .debug_macro   0x0000125b      0x1df ./Core/Src/adc.o
 .debug_macro   0x0000143a       0x1c ./Core/Src/adc.o
 .debug_macro   0x00001456       0x22 ./Core/Src/adc.o
 .debug_macro   0x00001478       0xfb ./Core/Src/adc.o
 .debug_macro   0x00001573     0x1011 ./Core/Src/adc.o
 .debug_macro   0x00002584      0x11f ./Core/Src/adc.o
 .debug_macro   0x000026a3     0xb968 ./Core/Src/adc.o
 .debug_macro   0x0000e00b       0x6d ./Core/Src/adc.o
 .debug_macro   0x0000e078     0x3693 ./Core/Src/adc.o
 .debug_macro   0x0001170b      0x190 ./Core/Src/adc.o
 .debug_macro   0x0001189b       0x5c ./Core/Src/adc.o
 .debug_macro   0x000118f7      0x45c ./Core/Src/adc.o
 .debug_macro   0x00011d53      0x9e9 ./Core/Src/adc.o
 .debug_macro   0x0001273c      0x115 ./Core/Src/adc.o
 .debug_macro   0x00012851      0x11b ./Core/Src/adc.o
 .debug_macro   0x0001296c       0xa5 ./Core/Src/adc.o
 .debug_macro   0x00012a11      0x15f ./Core/Src/adc.o
 .debug_macro   0x00012b70      0x287 ./Core/Src/adc.o
 .debug_macro   0x00012df7       0x5f ./Core/Src/adc.o
 .debug_macro   0x00012e56      0x236 ./Core/Src/adc.o
 .debug_macro   0x0001308c      0x9e1 ./Core/Src/adc.o
 .debug_macro   0x00013a6d      0x38b ./Core/Src/adc.o
 .debug_macro   0x00013df8      0x17d ./Core/Src/adc.o
 .debug_macro   0x00013f75       0xf9 ./Core/Src/adc.o
 .debug_macro   0x0001406e      0x132 ./Core/Src/adc.o
 .debug_macro   0x000141a0      0x264 ./Core/Src/adc.o
 .debug_macro   0x00014404       0x2e ./Core/Src/adc.o
 .debug_macro   0x00014432      0x1a7 ./Core/Src/adc.o
 .debug_macro   0x000145d9       0x46 ./Core/Src/adc.o
 .debug_macro   0x0001461f       0x4a ./Core/Src/adc.o
 .debug_macro   0x00014669      0x127 ./Core/Src/adc.o
 .debug_macro   0x00014790       0x85 ./Core/Src/adc.o
 .debug_macro   0x00014815       0x89 ./Core/Src/adc.o
 .debug_macro   0x0001489e      0x8ed ./Core/Src/adc.o
 .debug_macro   0x0001518b       0x47 ./Core/Src/adc.o
 .debug_macro   0x000151d2      0x126 ./Core/Src/adc.o
 .debug_macro   0x000152f8       0x22 ./Core/Src/adc.o
 .debug_macro   0x0001531a       0xc7 ./Core/Src/audio_processing.o
 .debug_macro   0x000153e1       0x5b ./Core/Src/audio_processing.o
 .debug_macro   0x0001543c       0x2a ./Core/Src/audio_processing.o
 .debug_macro   0x00015466       0x94 ./Core/Src/audio_processing.o
 .debug_macro   0x000154fa       0x43 ./Core/Src/audio_processing.o
 .debug_macro   0x0001553d       0x3a ./Core/Src/audio_processing.o
 .debug_macro   0x00015577       0x57 ./Core/Src/audio_processing.o
 .debug_macro   0x000155ce       0x89 ./Core/Src/audio_processing.o
 .debug_macro   0x00015657      0x460 ./Core/Src/audio_processing.o
 .debug_macro   0x00015ab7       0x10 ./Core/Src/audio_processing.o
 .debug_macro   0x00015ac7       0x10 ./Core/Src/audio_processing.o
 .debug_macro   0x00015ad7      0x21e ./Core/Src/dma.o
 .debug_macro   0x00015cf5      0x1ad ./Core/Src/filters.o
 .debug_macro   0x00015ea2       0x34 ./Core/Src/filters.o
 .debug_macro   0x00015ed6       0x16 ./Core/Src/filters.o
 .debug_macro   0x00015eec       0x9e ./Core/Src/filters.o
 .debug_macro   0x00015f8a      0x370 ./Core/Src/filters.o
 .debug_macro   0x000162fa      0x112 ./Core/Src/filters.o
 .debug_macro   0x0001640c       0x10 ./Core/Src/filters.o
 .debug_macro   0x0001641c       0x16 ./Core/Src/filters.o
 .debug_macro   0x00016432       0x4a ./Core/Src/filters.o
 .debug_macro   0x0001647c       0x34 ./Core/Src/filters.o
 .debug_macro   0x000164b0       0x10 ./Core/Src/filters.o
 .debug_macro   0x000164c0       0x58 ./Core/Src/filters.o
 .debug_macro   0x00016518       0x8e ./Core/Src/filters.o
 .debug_macro   0x000165a6       0x1c ./Core/Src/filters.o
 .debug_macro   0x000165c2      0x185 ./Core/Src/filters.o
 .debug_macro   0x00016747       0x16 ./Core/Src/filters.o
 .debug_macro   0x0001675d       0x16 ./Core/Src/filters.o
 .debug_macro   0x00016773      0x146 ./Core/Src/filters.o
 .debug_macro   0x000168b9       0x16 ./Core/Src/filters.o
 .debug_macro   0x000168cf       0x3c ./Core/Src/filters.o
 .debug_macro   0x0001690b       0x16 ./Core/Src/filters.o
 .debug_macro   0x00016921       0x29 ./Core/Src/filters.o
 .debug_macro   0x0001694a       0x16 ./Core/Src/filters.o
 .debug_macro   0x00016960       0x20 ./Core/Src/filters.o
 .debug_macro   0x00016980      0x21e ./Core/Src/gpio.o
 .debug_macro   0x00016b9e      0x21e ./Core/Src/i2s.o
 .debug_macro   0x00016dbc      0x2ab ./Core/Src/main.o
 .debug_macro   0x00017067       0x61 ./Core/Src/main.o
 .debug_macro   0x000170c8      0x214 ./Core/Src/stm32f4xx_hal_msp.o
 .debug_macro   0x000172dc      0x296 ./Core/Src/stm32f4xx_it.o
 .debug_macro   0x00017572      0x205 ./Core/Src/system_stm32f4xx.o
 .debug_macro   0x00017777      0x21e ./Core/Src/tim.o
 .debug_macro   0x00017995      0x265 ./Drivers/STM32F4xx_HAL_Driver/Src/stm32f4xx_hal.o
 .debug_macro   0x00017bfa      0x206 ./Drivers/STM32F4xx_HAL_Driver/Src/stm32f4xx_hal_adc.o
 .debug_macro   0x00017e00      0x205 ./Drivers/STM32F4xx_HAL_Driver/Src/stm32f4xx_hal_cortex.o
 .debug_macro   0x00018005      0x20b ./Drivers/STM32F4xx_HAL_Driver/Src/stm32f4xx_hal_dma.o
 .debug_macro   0x00018210      0x20b ./Drivers/STM32F4xx_HAL_Driver/Src/stm32f4xx_hal_gpio.o
 .debug_macro   0x0001841b      0x20d ./Drivers/STM32F4xx_HAL_Driver/Src/stm32f4xx_hal_i2s.o
 .debug_macro   0x00018628      0x205 ./Drivers/STM32F4xx_HAL_Driver/Src/stm32f4xx_hal_i2s_ex.o
 .debug_macro   0x0001882d      0x229 ./Drivers/STM32F4xx_HAL_Driver/Src/stm32f4xx_hal_rcc.o
 .debug_macro   0x00018a56      0x205 ./Drivers/STM32F4xx_HAL_Driver/Src/stm32f4xx_hal_rcc_ex.o
 .debug_macro   0x00018c5b      0x206 ./Drivers/STM32F4xx_HAL_Driver/Src/stm32f4xx_hal_tim.o
 .debug_macro   0x00018e61      0x205 ./Drivers/STM32F4xx_HAL_Driver/Src/stm32f4xx_hal_tim_ex.o

.debug_line     0x00000000    0x134c3
 .debug_line    0x00000000      0x851 ./Core/Src/adc.o
 .debug_line    0x00000851      0x733 ./Core/Src/audio_processing.o
 .debug_line    0x00000f84      0x79d ./Core/Src/dma.o
 .debug_line    0x00001721      0xa39 ./Core/Src/filters.o
 .debug_line    0x0000215a      0x7b9 ./Core/Src/gpio.o
 .debug_line    0x00002913      0x84e ./Core/Src/i2s.o
 .debug_line    0x00003161      0xa58 ./Core/Src/main.o
 .debug_line    0x00003bb9      0x79e ./Core/Src/stm32f4xx_hal_msp.o
 .debug_line    0x00004357      0xb39 ./Core/Src/stm32f4xx_it.o
 .debug_line    0x00004e90      0x814 ./Core/Src/system_stm32f4xx.o
 .debug_line    0x000056a4      0x818 ./Core/Src/tim.o
 .debug_line    0x00005ebc       0x7a ./Core/Startup/startup_stm32f411ceux.o
 .debug_line    0x00005f36      0xa90 ./Drivers/STM32F4xx_HAL_Driver/Src/stm32f4xx_hal.o
 .debug_line    0x000069c6     0x11e7 ./Drivers/STM32F4xx_HAL_Driver/Src/stm32f4xx_hal_adc.o
 .debug_line    0x00007bad      0xd60 ./Drivers/STM32F4xx_HAL_Driver/Src/stm32f4xx_hal_cortex.o
 .debug_line    0x0000890d      0xffc ./Drivers/STM32F4xx_HAL_Driver/Src/stm32f4xx_hal_dma.o
 .debug_line    0x00009909      0xbac ./Drivers/STM32F4xx_HAL_Driver/Src/stm32f4xx_hal_gpio.o
 .debug_line    0x0000a4b5     0x13e8 ./Drivers/STM32F4xx_HAL_Driver/Src/stm32f4xx_hal_i2s.o
 .debug_line    0x0000b89d     0x12e8 ./Drivers/STM32F4xx_HAL_Driver/Src/stm32f4xx_hal_i2s_ex.o
 .debug_line    0x0000cb85      0xe9d ./Drivers/STM32F4xx_HAL_Driver/Src/stm32f4xx_hal_rcc.o
 .debug_line    0x0000da22      0xb47 ./Drivers/STM32F4xx_HAL_Driver/Src/stm32f4xx_hal_rcc_ex.o
 .debug_line    0x0000e569     0x35cf ./Drivers/STM32F4xx_HAL_Driver/Src/stm32f4xx_hal_tim.o
 .debug_line    0x00011b38     0x198b ./Drivers/STM32F4xx_HAL_Driver/Src/stm32f4xx_hal_tim_ex.o

.debug_str      0x00000000    0x9ab90
 .debug_str     0x00000000    0x9ab90 ./Core/Src/adc.o
                              0x927e1 (size before relaxing)
 .debug_str     0x0009ab90     0x5529 ./Core/Src/audio_processing.o
 .debug_str     0x0009ab90    0x92643 ./Core/Src/dma.o
 .debug_str     0x0009ab90     0x7cf6 ./Core/Src/filters.o
 .debug_str     0x0009ab90    0x92711 ./Core/Src/gpio.o
 .debug_str     0x0009ab90    0x928a2 ./Core/Src/i2s.o
 .debug_str     0x0009ab90    0x94177 ./Core/Src/main.o
 .debug_str     0x0009ab90    0x9227e ./Core/Src/stm32f4xx_hal_msp.o
 .debug_str     0x0009ab90    0x940cb ./Core/Src/stm32f4xx_it.o
 .debug_str     0x0009ab90    0x922c6 ./Core/Src/system_stm32f4xx.o
 .debug_str     0x0009ab90    0x92cfb ./Core/Src/tim.o
 .debug_str     0x0009ab90       0x5c ./Core/Startup/startup_stm32f411ceux.o
 .debug_str     0x0009ab90    0x92cf2 ./Drivers/STM32F4xx_HAL_Driver/Src/stm32f4xx_hal.o
 .debug_str     0x0009ab90    0x928a1 ./Drivers/STM32F4xx_HAL_Driver/Src/stm32f4xx_hal_adc.o
 .debug_str     0x0009ab90    0x92a5c ./Drivers/STM32F4xx_HAL_Driver/Src/stm32f4xx_hal_cortex.o
 .debug_str     0x0009ab90    0x926ce ./Drivers/STM32F4xx_HAL_Driver/Src/stm32f4xx_hal_dma.o
 .debug_str     0x0009ab90    0x92441 ./Drivers/STM32F4xx_HAL_Driver/Src/stm32f4xx_hal_gpio.o
 .debug_str     0x0009ab90    0x928a5 ./Drivers/STM32F4xx_HAL_Driver/Src/stm32f4xx_hal_i2s.o
 .debug_str     0x0009ab90    0x927a7 ./Drivers/STM32F4xx_HAL_Driver/Src/stm32f4xx_hal_i2s_ex.o
 .debug_str     0x0009ab90    0x926fa ./Drivers/STM32F4xx_HAL_Driver/Src/stm32f4xx_hal_rcc.o
 .debug_str     0x0009ab90    0x9244e ./Drivers/STM32F4xx_HAL_Driver/Src/stm32f4xx_hal_rcc_ex.o
 .debug_str     0x0009ab90    0x9363e ./Drivers/STM32F4xx_HAL_Driver/Src/stm32f4xx_hal_tim.o
 .debug_str     0x0009ab90    0x92e4a ./Drivers/STM32F4xx_HAL_Driver/Src/stm32f4xx_hal_tim_ex.o

.comment        0x00000000       0x43
 .comment       0x00000000       0x43 ./Core/Src/adc.o
                                 0x44 (size before relaxing)
 .comment       0x00000043       0x44 ./Core/Src/audio_processing.o
 .comment       0x00000043       0x44 ./Core/Src/dma.o
 .comment       0x00000043       0x44 ./Core/Src/filters.o
 .comment       0x00000043       0x44 ./Core/Src/gpio.o
 .comment       0x00000043       0x44 ./Core/Src/i2s.o
 .comment       0x00000043       0x44 ./Core/Src/main.o
 .comment       0x00000043       0x44 ./Core/Src/stm32f4xx_hal_msp.o
 .comment       0x00000043       0x44 ./Core/Src/stm32f4xx_it.o
 .comment       0x00000043       0x44 ./Core/Src/system_stm32f4xx.o
 .comment       0x00000043       0x44 ./Core/Src/tim.o
 .comment       0x00000043       0x44 ./Drivers/STM32F4xx_HAL_Driver/Src/stm32f4xx_hal.o
 .comment       0x00000043       0x44 ./Drivers/STM32F4xx_HAL_Driver/Src/stm32f4xx_hal_adc.o
 .comment       0x00000043       0x44 ./Drivers/STM32F4xx_HAL_Driver/Src/stm32f4xx_hal_cortex.o
 .comment       0x00000043       0x44 ./Drivers/STM32F4xx_HAL_Driver/Src/stm32f4xx_hal_dma.o
 .comment       0x00000043       0x44 ./Drivers/STM32F4xx_HAL_Driver/Src/stm32f4xx_hal_gpio.o
 .comment       0x00000043       0x44 ./Drivers/STM32F4xx_HAL_Driver/Src/stm32f4xx_hal_i2s.o
 .comment       0x00000043       0x44 ./Drivers/STM32F4xx_HAL_Driver/Src/stm32f4xx_hal_i2s_ex.o
 .comment       0x00000043       0x44 ./Drivers/STM32F4xx_HAL_Driver/Src/stm32f4xx_hal_rcc.o
 .comment       0x00000043       0x44 ./Drivers/STM32F4xx_HAL_Driver/Src/stm32f4xx_hal_rcc_ex.o
 .comment       0x00000043       0x44 ./Drivers/STM32F4xx_HAL_Driver/Src/stm32f4xx_hal_tim.o
 .comment       0x00000043       0x44 ./Drivers/STM32F4xx_HAL_Driver/Src/stm32f4xx_hal_tim_ex.o

.debug_frame    0x00000000     0x3a98
 .debug_frame   0x00000000       0x7c ./Core/Src/adc.o
 .debug_frame   0x0000007c       0xf0 ./Core/Src/audio_processing.o
 .debug_frame   0x0000016c       0x34 ./Core/Src/dma.o
 .debug_frame   0x000001a0      0x298 ./Core/Src/filters.o
 .debug_frame   0x00000438       0x34 ./Core/Src/gpio.o
 .debug_frame   0x0000046c       0x74 ./Core/Src/i2s.o
 .debug_frame   0x000004e0       0x68 ./Core/Src/main.o
 .debug_frame   0x00000548       0x38 ./Core/Src/stm32f4xx_hal_msp.o
 .debug_frame   0x00000580      0x1e4 ./Core/Src/stm32f4xx_it.o
 .debug_frame   0x00000764       0x58 ./Core/Src/system_stm32f4xx.o
 .debug_frame   0x000007bc       0x7c ./Core/Src/tim.o
 .debug_frame   0x00000838      0x374 ./Drivers/STM32F4xx_HAL_Driver/Src/stm32f4xx_hal.o
 .debug_frame   0x00000bac      0x3fc ./Drivers/STM32F4xx_HAL_Driver/Src/stm32f4xx_hal_adc.o
 .debug_frame   0x00000fa8      0x508 ./Drivers/STM32F4xx_HAL_Driver/Src/stm32f4xx_hal_cortex.o
 .debug_frame   0x000014b0      0x250 ./Drivers/STM32F4xx_HAL_Driver/Src/stm32f4xx_hal_dma.o
 .debug_frame   0x00001700      0x14c ./Drivers/STM32F4xx_HAL_Driver/Src/stm32f4xx_hal_gpio.o
 .debug_frame   0x0000184c      0x484 ./Drivers/STM32F4xx_HAL_Driver/Src/stm32f4xx_hal_i2s.o
 .debug_frame   0x00001cd0      0x220 ./Drivers/STM32F4xx_HAL_Driver/Src/stm32f4xx_hal_i2s_ex.o
 .debug_frame   0x00001ef0      0x1f4 ./Drivers/STM32F4xx_HAL_Driver/Src/stm32f4xx_hal_rcc.o
 .debug_frame   0x000020e4      0x118 ./Drivers/STM32F4xx_HAL_Driver/Src/stm32f4xx_hal_rcc_ex.o
 .debug_frame   0x000021fc     0x11b8 ./Drivers/STM32F4xx_HAL_Driver/Src/stm32f4xx_hal_tim.o
 .debug_frame   0x000033b4      0x638 ./Drivers/STM32F4xx_HAL_Driver/Src/stm32f4xx_hal_tim_ex.o
 .debug_frame   0x000039ec       0x20 D:/STM32CubeIDE/STM32CubeIDE_1.19.0/STM32CubeIDE/plugins/com.st.stm32cube.ide.mcu.externaltools.gnu-tools-for-stm32.13.3.rel1.win32_1.0.0.202411081344/tools/bin/../lib/gcc/arm-none-eabi/13.3.1/../../../../arm-none-eabi/lib/thumb/v7e-m+fp/hard\libc_nano.a(libc_a-memset.o)
 .debug_frame   0x00003a0c       0x2c D:/STM32CubeIDE/STM32CubeIDE_1.19.0/STM32CubeIDE/plugins/com.st.stm32cube.ide.mcu.externaltools.gnu-tools-for-stm32.13.3.rel1.win32_1.0.0.202411081344/tools/bin/../lib/gcc/arm-none-eabi/13.3.1/../../../../arm-none-eabi/lib/thumb/v7e-m+fp/hard\libc_nano.a(libc_a-init.o)
 .debug_frame   0x00003a38       0x2c D:/STM32CubeIDE/STM32CubeIDE_1.19.0/STM32CubeIDE/plugins/com.st.stm32cube.ide.mcu.externaltools.gnu-tools-for-stm32.13.3.rel1.win32_1.0.0.202411081344/tools/bin/../lib/gcc/arm-none-eabi/13.3.1/thumb/v7e-m+fp/hard\libgcc.a(_aeabi_uldivmod.o)
 .debug_frame   0x00003a64       0x34 D:/STM32CubeIDE/STM32CubeIDE_1.19.0/STM32CubeIDE/plugins/com.st.stm32cube.ide.mcu.externaltools.gnu-tools-for-stm32.13.3.rel1.win32_1.0.0.202411081344/tools/bin/../lib/gcc/arm-none-eabi/13.3.1/thumb/v7e-m+fp/hard\libgcc.a(_udivmoddi4.o)

.debug_line_str
                0x00000000       0x40
 .debug_line_str
                0x00000000       0x40 ./Core/Startup/startup_stm32f411ceux.o
